// Jest Snapshot v1, https://goo.gl/fbAQLP

exports[`CurrentContainer mapStateToProps 1`] = `
Object {
  "data": Object {
    "error": false,
    "loading": false,
    "region": Object {
      "id": "belgium",
      "isSelected": true,
    },
    "settings": Object {
      "api": Object {
        "host": "localhost",
        "port": "3000",
        "protocol": "http",
        "root": "/graphql/",
      },
      "cycle": Object {
        "drivers": Object {
          "api": "HTTP",
        },
      },
      "domain": "localhost",
      "graphcool": Object {
        "authTokenKey": "graphcool-auth-token",
        "linksPerPage": 5,
        "serviceIdKey": "cjajyycub38710185wt87zsm8",
        "userId": "graphcool-user-id",
      },
      "mapbox": Object {
        "iconAtlas": "data/location-icon-atlas.png",
        "mapboxApiAccessToken": "pk.eyJ1IjoiY2Fsb2NhbiIsImEiOiJjaXl1aXkxZjkwMG15MndxbmkxMHczNG50In0.07Zu3XXYijL6GJMuxFtvQg",
        "preventStyleDiffing": false,
        "showCluster": "true",
        "showZoomControls": true,
      },
      "markers": Object {},
      "overpass": Object {
        "cellSize": 100,
        "sleepBetweenCalls": 1000,
      },
    },
    "store": Object {},
    "user": Object {
      "id": "belgiumManager",
      "isActive": true,
      "name": "Belgium Manager",
      "permissions": Array [
        "manage",
      ],
      "regions": Array [
        Object {
          "id": "belgium",
          "isSelected": true,
        },
      ],
    },
  },
  "style": Object {
    "MozAppearance": "none",
    "WebkitAppearance": "none",
    "color": "black",
    "fontFamily": "inherit",
    "fontSize": "inherit",
    "height": 0,
    "textDecoration": "none",
    "width": 0,
  },
}
`;

exports[`CurrentContainer render 1`] = `
Object {
  "data": Object {
    "error": false,
    "loading": false,
    "region": Object {
      "id": "belgium",
      "isSelected": true,
    },
    "settings": Object {
      "api": Object {
        "host": "localhost",
        "port": "3000",
        "protocol": "http",
        "root": "/graphql/",
      },
      "cycle": Object {
        "drivers": Object {
          "api": "HTTP",
        },
      },
      "domain": "localhost",
      "graphcool": Object {
        "authTokenKey": "graphcool-auth-token",
        "linksPerPage": 5,
        "serviceIdKey": "cjajyycub38710185wt87zsm8",
        "userId": "graphcool-user-id",
      },
      "mapbox": Object {
        "iconAtlas": "data/location-icon-atlas.png",
        "mapboxApiAccessToken": "pk.eyJ1IjoiY2Fsb2NhbiIsImEiOiJjaXl1aXkxZjkwMG15MndxbmkxMHczNG50In0.07Zu3XXYijL6GJMuxFtvQg",
        "preventStyleDiffing": false,
        "showCluster": "true",
        "showZoomControls": true,
      },
      "markers": Object {},
      "overpass": Object {
        "cellSize": 100,
        "sleepBetweenCalls": 1000,
      },
    },
    "store": Object {},
    "user": Object {
      "id": "belgiumManager",
      "isActive": true,
      "name": "Belgium Manager",
      "permissions": Array [
        "manage",
      ],
      "regions": Array [
        Object {
          "id": "belgium",
          "isSelected": true,
        },
      ],
    },
  },
  "style": Object {
    "MozAppearance": "none",
    "WebkitAppearance": "none",
    "color": "black",
    "fontFamily": "inherit",
    "fontSize": "inherit",
    "height": 0,
    "textDecoration": "none",
    "width": 0,
  },
}
`;
