// Jest Snapshot v1, https://goo.gl/fbAQLP

exports[`Mapbox Can mount 1`] = `
<div
  className="mapbox-root"
>
  <InteractiveMap
    altitude={1.5}
    attributionControl={true}
    bearing={0}
    clickRadius={0}
    doubleClickZoom={true}
    dragPan={true}
    dragRotate={true}
    getCursor={[Function]}
    iconAtlas="data/location-icon-atlas.png"
    mapStyle="mapbox://styles/mapbox/light-v8"
    mapboxApiAccessToken="pk.eyJ1IjoiY2Fsb2NhbiIsImEiOiJjaXl1aXkxZjkwMG15MndxbmkxMHczNG50In0.07Zu3XXYijL6GJMuxFtvQg"
    maxLatitude={85.05113}
    maxPitch={60}
    maxZoom={20}
    minLatitude={-85.05113}
    minPitch={0}
    minZoom={0}
    onClick={null}
    onHover={null}
    onLoad={[Function]}
    onViewportChange={null}
    perspectiveEnabled="true"
    pitch={0}
    preserveDrawingBuffer={false}
    preventStyleDiffing="false"
    scrollZoom={true}
    showCluster="true"
    showZoomControls="true"
    touchZoomRotate={true}
    viewport={
      Immutable.Map {
        "pitch": 40,
        "bearing": 0,
        "startDragLngLat": null,
        "isDragging": false,
        "latitude": 37,
        "longitude": -119,
        "zoom": 5,
      }
    }
    visibilityConstraints={
      Object {
        "maxLatitude": 85.05113,
        "maxPitch": 60,
        "maxZoom": 20,
        "minLatitude": -85.05113,
        "minPitch": 0,
        "minZoom": 0,
      }
    }
    visible={true}
  />
</div>
`;
