// Jest Snapshot v1, https://goo.gl/fbAQLP

exports[`MapboxContainer render 1`] = `
Object {
  "data": Object {
    "settings": Object {
      "api": Object {
        "host": "localhost",
        "port": "3000",
        "protocol": "http",
        "root": "/graphql/",
      },
      "cycle": Object {
        "drivers": Object {
          "api": "HTTP",
        },
      },
      "domain": "localhost",
      "graphcool": Object {
        "authTokenKey": "graphcool-auth-token",
        "linksPerPage": 5,
        "serviceIdKey": "cjajyycub38710185wt87zsm8",
        "userId": "graphcool-user-id",
      },
      "mapbox": Object {
        "iconAtlas": "data/location-icon-atlas.png",
        "mapboxApiAccessToken": "pk.eyJ1IjoiY2Fsb2NhbiIsImEiOiJjaXl1aXkxZjkwMG15MndxbmkxMHczNG50In0.07Zu3XXYijL6GJMuxFtvQg",
        "perspectiveEnabled": true,
        "preventStyleDiffing": false,
        "showCluster": "true",
        "showZoomControls": true,
      },
      "markers": Object {},
      "overpass": Object {
        "cellSize": 100,
        "sleepBetweenCalls": 1000,
      },
    },
    "user": Object {
      "id": "californiaManager",
      "isActive": true,
      "name": "Jerry Brown",
      "permissions": Array [
        "manage",
      ],
      "regions": Array [
        Object {
          "id": "oakland",
          "isSelected": true,
        },
      ],
    },
    "viewport": Object {
      "latitude": 37,
      "longitude": -119,
      "zoom": 5,
    },
  },
  "onChangeViewport": [Function],
  "style": Object {
    "MozAppearance": "none",
    "WebkitAppearance": "none",
    "backgroundColor": "blue",
    "border": 0,
    "color": "white",
    "display": "inline-block",
    "fontFamily": "inherit",
    "fontSize": "inherit",
    "fontWeight": "bold",
    "height": 500,
    "margin": 0,
    "paddingBottom": 8,
    "paddingLeft": 16,
    "paddingRight": 16,
    "paddingTop": 8,
    "textDecoration": "none",
    "width": 500,
  },
}
`;
